{"ts_utc": "2026-04-29T19:18:20.424499+00:00", "route": "/session/{session_id}/embed/all/stream", "session_id": "70e1949af04840c391b6acc98333fea9", "query": "ZnO nanoparticles in solvent"}
{"ts_utc": "2026-04-29T19:19:32.958306+00:00", "route": "/session/{session_id}/embed/all/stream", "session_id": "70e1949af04840c391b6acc98333fea9", "query": "so what are the zno nanoparticles like"}
{"ts_utc": "2026-05-03T09:12:07.901802+00:00", "route": "/session/{session_id}/embed/all/stream", "session_id": "a3277997cf5440d9a9d0b7f354e40822", "query": "ZnO nanoparticles in solvent"}
{"ts_utc": "2026-05-03T09:12:39.019347+00:00", "route": "/session/{session_id}/embed/all/stream", "session_id": "a3277997cf5440d9a9d0b7f354e40822", "query": "how do you know that email 1 is linked to the PROm"}
{"ts_utc": "2026-05-03T09:35:02.414515+00:00", "route": "/session/{session_id}/embed/all/stream", "session_id": "661cb5864b1341abb8bcbc4d7319c695", "query": "ZnO nanoparticles in solvent"}
{"ts_utc": "2026-05-04T04:02:10.849639+00:00", "route": "/session/{session_id}/embed/all/stream", "session_id": "78982e230a1f4540a8b68b523bdad748", "query": "ZnO nanoparticles in solvent"}
{"ts_utc": "2026-05-04T04:13:46.281944+00:00", "route": "/session/{session_id}/embed/all/stream", "session_id": "5bff00fe4dee470c8aa96761e4836503", "query": "InP/ZnS Quantum Dots in Toluene"}
{"ts_utc": "2026-05-04T05:55:23.839441+00:00", "route": "/session/{session_id}/embed/all/stream", "session_id": "b9ee5bd7e10747e79707387a7f7dbc70", "query": "ZnO nanoparticles in solvent"}
{"ts_utc": "2026-05-04T06:43:01.486406+00:00", "route": "/session/{session_id}/embed/all/stream", "session_id": "30314e227daa49f3999230ede175c465", "query": "ZnO nanoparticles in solvent"}
{"ts_utc": "2026-05-04T06:43:27.871360+00:00", "route": "/session/{session_id}/embed/all/stream", "session_id": "30314e227daa49f3999230ede175c465", "query": "you didnt get an email 1?"}
{"ts_utc": "2026-05-04T06:44:41.078367+00:00", "route": "/session/{session_id}/embed/all/stream", "session_id": "30314e227daa49f3999230ede175c465", "query": "where can i find the prom form"}
{"ts_utc": "2026-05-04T06:48:28.696449+00:00", "route": "/session/{session_id}/embed/all/stream", "session_id": "e4dd0393d2454a44bd6f33a0803c8a0c", "query": "ZnO nanoparticles in solvent"}
{"ts_utc": "2026-05-04T06:48:57.154192+00:00", "route": "/session/{session_id}/embed/all/stream", "session_id": "231c1f850bb94ddcb8baba3638fffc2b", "query": "Adhesion Promotor for Nanoscribe IP Resists"}
{"ts_utc": "2026-05-04T06:49:30.934857+00:00", "route": "/session/{session_id}/embed/all/stream", "session_id": "231c1f850bb94ddcb8baba3638fffc2b", "query": "how do you know that email 1 and the prom request are directly related"}
{"ts_utc": "2026-05-04T06:50:11.940360+00:00", "route": "/session/{session_id}/embed/all/stream", "session_id": "231c1f850bb94ddcb8baba3638fffc2b", "query": "are there no other emails attached?"}
{"ts_utc": "2026-05-04T06:50:42.939769+00:00", "route": "/session/{session_id}/embed/all/stream", "session_id": "fe78f6aca18f460fa5a71eb4ca7b1f7c", "query": "ZnO nanoparticles in solvent"}
{"ts_utc": "2026-05-04T06:51:07.831216+00:00", "route": "/session/{session_id}/embed/all/stream", "session_id": "fe78f6aca18f460fa5a71eb4ca7b1f7c", "query": "what does the raw thread for email 2 look like"}
{"ts_utc": "2026-05-04T06:51:28.372665+00:00", "route": "/session/{session_id}/embed/all/stream", "session_id": "fe78f6aca18f460fa5a71eb4ca7b1f7c", "query": "i need the exact wording from the email"}
{"ts_utc": "2026-05-04T06:51:44.166239+00:00", "route": "/session/{session_id}/embed/all/stream", "session_id": "fe78f6aca18f460fa5a71eb4ca7b1f7c", "query": "no, a raw thread is passed to you right?"}
{"ts_utc": "2026-05-04T06:53:39.282906+00:00", "route": "/session/{session_id}/embed/all/stream", "session_id": "8d6148ea59bb45938e6ff66cf265da81", "query": "ZnO nanoparticles in solvent"}
{"ts_utc": "2026-05-04T06:56:20.809103+00:00", "route": "/session/{session_id}/embed/all/stream", "session_id": "417ba06ab6744d4394ed637db692ef7e", "query": "ZnO nanoparticles in solvent"}
{"ts_utc": "2026-05-04T06:57:04.676234+00:00", "route": "/session/{session_id}/embed/all/stream", "session_id": "417ba06ab6744d4394ed637db692ef7e", "query": "if you were to make a recommendation on if this prom is approved or not, what would you say and why"}
{"ts_utc": "2026-05-04T07:02:57.740186+00:00", "route": "/session/{session_id}/embed/all/stream", "session_id": "02c9055bddbc4b899878d211c44845dd", "query": "v-vi materials ICP etch"}
{"ts_utc": "2026-05-14T22:45:22.668726+00:00", "route": "/session/{session_id}/embed/all/stream", "session_id": "25968020b66b438780eae7cec9c67c50", "query": "ZnO nanoparticles in solvent"}
{"ts_utc": "2026-05-14T22:46:16.030260+00:00", "route": "/session/{session_id}/embed/all/stream", "session_id": "25968020b66b438780eae7cec9c67c50", "query": "were there any considerations made in the attached email?"}
{"ts_utc": "2026-05-14T22:46:34.247834+00:00", "route": "/session/{session_id}/embed/all/stream", "session_id": "25968020b66b438780eae7cec9c67c50", "query": "was this for the email that is directly related or for the one that is clsose"}
{"ts_utc": "2026-05-14T22:46:56.793732+00:00", "route": "/session/{session_id}/embed/all/stream", "session_id": "25968020b66b438780eae7cec9c67c50", "query": "so what exactly are the concerns"}
{"ts_utc": "2026-05-14T23:36:54.483331+00:00", "route": "/session/{session_id}/embed/all/stream", "session_id": "a7722ed87e5f454f9cb093fdbdef2e95", "query": "ZnO nanoparticles in solvent"}
{"ts_utc": "2026-05-14T23:40:56.866567+00:00", "route": "/session/{session_id}/embed/all/stream", "session_id": "d0f7b20a5ca54df5b109790c5d406bb3", "query": "ZnO nanoparticles in solvent"}
{"ts_utc": "2026-05-20T13:00:15.486654+00:00", "route": "/session/{session_id}/embed/all/stream", "session_id": "d2be96b543c04e418578dca06f731e95", "query": "ZnO nanoparticles in solvent"}
{"ts_utc": "2026-05-20T13:42:39.534319+00:00", "route": "/session/{session_id}/embed/all/stream", "session_id": "7897bb0b58064f7da21b2d8c315e2272", "query": "ZnO nanoparticles in solvent"}
{"ts_utc": "2026-05-20T14:05:29.255606+00:00", "route": "/session/{session_id}/embed/all/stream", "session_id": "64dd4236e0124592b0193a67ae6f3bd5", "query": "ZnO nanoparticles in solvent"}
{"ts_utc": "2026-05-20T14:10:24.006880+00:00", "route": "/session/{session_id}/embed/all/stream", "session_id": "a76242d3d16d49f19d077e51b15bf22c", "query": "ZnO nanoparticles in solvent"}
{"ts_utc": "2026-05-20T14:46:30.284786+00:00", "route": "/session/{session_id}/embed/all/stream", "session_id": "504ae02dfff34eed8fd1716b2c57fdbf", "query": "have zno nanoparticles been approved in this lab"}
{"ts_utc": "2026-05-20T15:01:29.263947+00:00", "route": "/session/{session_id}/embed/all/stream", "session_id": "726e8d7d7c254ef0bb21635a1505c2ee", "query": "what are the instances of zno nanoparticles being used in the lab"}
{"ts_utc": "2026-05-20T15:07:46.201927+00:00", "route": "/session/{session_id}/embed/all/stream", "session_id": "e667f25e4d7d4bdab966b45a764ac911", "query": "has there been any instances of the use of zno particles being used"}
{"ts_utc": "2026-05-20T15:12:08.806355+00:00", "route": "/session/{session_id}/embed/all/stream", "session_id": "d994b14f4cbe49e4bf9a765eea61c4a0", "query": "how have zno particles been used in this lab"}
{"ts_utc": "2026-05-20T15:13:16.712662+00:00", "route": "/session/{session_id}/embed/all/stream", "session_id": "d994b14f4cbe49e4bf9a765eea61c4a0", "query": "so there have been explict prom forms about zno nanoparticles? in what context?"}
{"ts_utc": "2026-05-20T15:15:11.385240+00:00", "route": "/session/{session_id}/embed/all/stream", "session_id": "2d492ee7291d42ec88eab1a293f2a471", "query": "have we done Annealing of PbSe, PbSnSe, and GeSe on GaAs up to 375 C in Allwin 610 RTA"}
{"ts_utc": "2026-05-20T15:19:58.894218+00:00", "route": "/session/{session_id}/embed/all/stream", "session_id": "3b76dd837db84ccfb87e13d8f7d50777", "query": "Annealing of PbSe, PbSnSe in the Allwin before?"}
{"ts_utc": "2026-05-20T15:27:03.117068+00:00", "route": "/session/{session_id}/embed/all/stream", "session_id": "a89b4d2c88434778857562741545b3e9", "query": "Annealing of PbSe, PbSnSe, and GeSe on GaAs up to 375 C in Allwin 610 RTA"}
{"ts_utc": "2026-05-20T15:29:40.611554+00:00", "route": "/session/{session_id}/embed/all/stream", "session_id": "689b79b8fed449d29e361eeb7649e67b", "query": "annealing of pbse"}
{"ts_utc": "2026-05-20T15:33:36.593764+00:00", "route": "/session/{session_id}/embed/all/stream", "session_id": "1c0ecdbeeee6497aae20580b9f0e965e", "query": "annealing of pbse"}
{"ts_utc": "2026-05-20T15:37:16.640470+00:00", "route": "/session/{session_id}/embed/all/stream", "session_id": "b989f78384af466aa4585baf0ef1e642", "query": "have we used zno nanoparticles in this lab"}
{"ts_utc": "2026-05-20T15:37:50.540603+00:00", "route": "/session/{session_id}/embed/all/stream", "session_id": "b989f78384af466aa4585baf0ef1e642", "query": "are there any other uses?"}
{"ts_utc": "2026-05-20T15:38:17.035836+00:00", "route": "/session/{session_id}/embed/all/stream", "session_id": "b989f78384af466aa4585baf0ef1e642", "query": "are there any other uses mentioned in the lab itself?"}
{"ts_utc": "2026-05-20T15:38:31.145993+00:00", "route": "/session/{session_id}/embed/all/stream", "session_id": "b989f78384af466aa4585baf0ef1e642", "query": "maybe linked in the emails"}
{"ts_utc": "2026-05-20T15:38:48.798057+00:00", "route": "/session/{session_id}/embed/all/stream", "session_id": "b989f78384af466aa4585baf0ef1e642", "query": "but there are emails 2 and 3 as well they have no other uses?"}
{"ts_utc": "2026-05-20T15:41:52.333520+00:00", "route": "/session/{session_id}/embed/all/stream", "session_id": "b989f78384af466aa4585baf0ef1e642", "query": "were the zno nanoparticles prom approved and if not why not. if no answer is provided in the documents can you infer from some concerns that were raised"}
{"ts_utc": "2026-05-20T15:50:22.979216+00:00", "route": "/session/{session_id}/embed/all/stream", "session_id": "26eb903dd7044a78a5d6793cb786cedf", "query": "anything on zno nanoparticles"}
{"ts_utc": "2026-05-20T16:03:37.840718+00:00", "route": "/session/{session_id}/embed/all/stream", "session_id": "db3c0b026dc542af906254e297a8e224", "query": "anything on zno nanoparticles"}
{"ts_utc": "2026-05-20T16:17:13.744360+00:00", "route": "/session/{session_id}/embed/all/stream", "session_id": "6f45273202714802b89506e593ef1941", "query": "has the use of zno particles been approved before"}
{"ts_utc": "2026-05-20T16:17:48.962787+00:00", "route": "/session/{session_id}/embed/all/stream", "session_id": "6f45273202714802b89506e593ef1941", "query": "tell me about these quantum dots"}
{"ts_utc": "2026-05-20T16:18:23.956428+00:00", "route": "/session/{session_id}/embed/all/stream", "session_id": "6f45273202714802b89506e593ef1941", "query": "there is no context on quantum dots ?"}
{"ts_utc": "2026-05-20T16:30:53.904521+00:00", "route": "/session/{session_id}/embed/all/stream", "session_id": "e55c8d492803452bba279d6ccb71f751", "query": "has the use of zno particles been approved"}
{"ts_utc": "2026-05-28T18:06:34.954237+00:00", "route": "/session/{session_id}/embed/all/stream", "session_id": "b6bca1ab5833446b88f7d44dc9577eb1", "query": "anything on lampoly etch"}
{"ts_utc": "2026-06-04T09:57:13.624498+00:00", "route": "/session/{session_id}/embed/all/stream", "session_id": "81b5d97dfcc048ca89e35c7ab805a6fc", "query": "zno nanoparticles"}
{"ts_utc": "2026-06-04T11:28:11.151617+00:00", "route": "/session/{session_id}/embed/all/stream", "session_id": "e35dfb63fe8d442da5b0e903c054bc47", "query": "zno nanoparticles"}
{"ts_utc": "2026-06-04T11:31:49.700901+00:00", "route": "/session/{session_id}/embed/all/stream", "session_id": "8c3c79ea2056473a99c62ab0763dee27", "query": "anything on zno nanoparticles at the lab"}
{"ts_utc": "2026-06-04T11:32:53.803126+00:00", "route": "/session/{session_id}/embed/all/stream", "session_id": "27403762f8304356bde46c33d92157bc", "query": "Any potassium developers used?"}
{"ts_utc": "2026-06-04T11:33:45.513590+00:00", "route": "/session/{session_id}/embed/all/stream", "session_id": "76b1f1fbdd5946de8501fd67f36942d2", "query": "what are the potential concerns with potassium hydroxide"}
{"ts_utc": "2026-06-04T11:34:36.843724+00:00", "route": "/session/{session_id}/embed/all/stream", "session_id": "e18704f3fa09478dbdb84fa650a819a8", "query": "what are the potential concerns with using potassium hydroxide solvent"}
{"ts_utc": "2026-06-04T11:37:49.739066+00:00", "route": "/session/{session_id}/embed/all/stream", "session_id": "f5f4287563e140d2b033bb121f790078", "query": "dna coated wafers"}
{"ts_utc": "2026-06-04T11:38:55.182679+00:00", "route": "/session/{session_id}/embed/all/stream", "session_id": "f995b486aad24576a82c18c04847ee77", "query": "Nanosys Developer 1 Potassium Hydroxide developer Please see attached SDS."}
{"ts_utc": "2026-06-04T11:41:35.110241+00:00", "route": "/session/{session_id}/embed/all/stream", "session_id": "aa6e9a4a54a54ff59cf619d87e950a89", "query": "have wafers with dna on them been approved"}
{"ts_utc": "2026-06-04T11:42:01.924989+00:00", "route": "/session/{session_id}/embed/all/stream", "session_id": "aa6e9a4a54a54ff59cf619d87e950a89", "query": "whose dna is it"}
{"ts_utc": "2026-06-04T18:42:19.355886+00:00", "route": "/session/{session_id}/embed/all/stream", "session_id": "6d9397d6e7ae4179acdc88a4c795378d", "query": "zno nanoparticles"}
{"ts_utc": "2026-06-04T18:46:15.881499+00:00", "route": "/session/{session_id}/embed/all/stream", "session_id": "197c3bf941794b13bbde69a7a21d4a35", "query": "zno nanoparticles"}
{"ts_utc": "2026-06-04T18:48:27.410986+00:00", "route": "/session/{session_id}/embed/all/stream", "session_id": "04329dc70eac4c979c1ea86af385f4c7", "query": "anything on zno nanoparticles"}
{"ts_utc": "2026-06-04T18:51:10.405829+00:00", "route": "/session/{session_id}/embed/all/stream", "session_id": "8da3f7e53c524731ae8628600ba4570b", "query": "have zno nanoparticles been approved"}
{"ts_utc": "2026-06-04T18:56:47.294452+00:00", "route": "/session/{session_id}/embed/all/stream", "session_id": "64d336d20e0d4f82a72f2ae57180a9ff", "query": "approval of zno nanoparticles"}
{"ts_utc": "2026-06-04T18:57:34.491510+00:00", "route": "/session/{session_id}/embed/all/stream", "session_id": "64d336d20e0d4f82a72f2ae57180a9ff", "query": "do these two prom requests have anything in common"}
{"ts_utc": "2026-06-04T18:58:12.061112+00:00", "route": "/session/{session_id}/embed/all/stream", "session_id": "64d336d20e0d4f82a72f2ae57180a9ff", "query": "so is there any danger to using them both in the laureal header"}
{"ts_utc": "2026-06-04T19:00:52.433059+00:00", "route": "/session/{session_id}/embed/all/stream", "session_id": "64d336d20e0d4f82a72f2ae57180a9ff", "query": "give me a process that can combine the following prom requests. I want to do something crazy you know?"}
{"ts_utc": "2026-06-04T19:01:08.441177+00:00", "route": "/session/{session_id}/embed/all/stream", "session_id": "64d336d20e0d4f82a72f2ae57180a9ff", "query": "what is the end goal of this though"}
{"ts_utc": "2026-06-04T19:01:33.746667+00:00", "route": "/session/{session_id}/embed/all/stream", "session_id": "64d336d20e0d4f82a72f2ae57180a9ff", "query": "what tools are approved to use for these proms"}
{"ts_utc": "2026-06-04T19:02:11.994499+00:00", "route": "/session/{session_id}/embed/all/stream", "session_id": "64d336d20e0d4f82a72f2ae57180a9ff", "query": "but like what tools can I use during this fabrication, make sure you are only telling me ones that are mentioned in the proms"}
{"ts_utc": "2026-06-04T19:02:45.706252+00:00", "route": "/session/{session_id}/embed/all/stream", "session_id": "64d336d20e0d4f82a72f2ae57180a9ff", "query": "of the 4 how many have explicit prom approvals"}
{"ts_utc": "2026-06-04T19:03:09.741244+00:00", "route": "/session/{session_id}/embed/all/stream", "session_id": "64d336d20e0d4f82a72f2ae57180a9ff", "query": "like how many of the proms are approved to be used in the lab"}
{"ts_utc": "2026-06-04T19:03:28.346124+00:00", "route": "/session/{session_id}/embed/all/stream", "session_id": "efed981fdd11490daf2f2e44f18df8c3", "query": "ald"}
{"ts_utc": "2026-06-04T19:04:03.240578+00:00", "route": "/session/{session_id}/embed/all/stream", "session_id": "efed981fdd11490daf2f2e44f18df8c3", "query": "this is kind of more of what I wanted"}
{"ts_utc": "2026-06-04T19:04:19.484146+00:00", "route": "/session/{session_id}/embed/all/stream", "session_id": "efed981fdd11490daf2f2e44f18df8c3", "query": "yes like this prom is more what I was thinking"}
{"ts_utc": "2026-06-04T19:04:41.492306+00:00", "route": "/session/{session_id}/embed/all/stream", "session_id": "efed981fdd11490daf2f2e44f18df8c3", "query": "I want you to describe ald of wo3 in fiji"}
{"ts_utc": "2026-06-04T19:04:58.833471+00:00", "route": "/session/{session_id}/embed/all/stream", "session_id": "efed981fdd11490daf2f2e44f18df8c3", "query": "what is a fiji3 and how does it differ or relate to ald"}
{"ts_utc": "2026-06-04T19:05:21.374894+00:00", "route": "/session/{session_id}/embed/all/stream", "session_id": "64d336d20e0d4f82a72f2ae57180a9ff", "query": "do you know anything about fiji3"}
{"ts_utc": "2026-06-04T19:05:41.080341+00:00", "route": "/session/{session_id}/embed/all/stream", "session_id": "64d336d20e0d4f82a72f2ae57180a9ff", "query": "but what is fiji3, i think it was mentioned in one of the proms. what does it do"}
{"ts_utc": "2026-06-04T19:05:52.961898+00:00", "route": "/session/{session_id}/embed/all/stream", "session_id": "64d336d20e0d4f82a72f2ae57180a9ff", "query": "nice"}
{"ts_utc": "2026-06-04T19:06:12.445931+00:00", "route": "/session/{session_id}/embed/all/stream", "session_id": "64d336d20e0d4f82a72f2ae57180a9ff", "query": "you don't know how to do anything but work huh"}
{"ts_utc": "2026-06-04T20:55:41.182862+00:00", "route": "/session/{session_id}/embed/all/stream", "session_id": "67e60e90a9694f5d8a6b8b19e57527ac", "query": "have we done any sugar depositions"}
{"ts_utc": "2026-06-04T20:56:42.392773+00:00", "route": "/session/{session_id}/embed/all/stream", "session_id": "67e60e90a9694f5d8a6b8b19e57527ac", "query": "can i do a mix between these two and throw it in the ALD"}
{"ts_utc": "2026-06-04T20:57:15.239158+00:00", "route": "/session/{session_id}/embed/all/stream", "session_id": "67e60e90a9694f5d8a6b8b19e57527ac", "query": "like sugar layer processing and hydroxide developer mix into one solution"}
{"ts_utc": "2026-06-04T20:57:38.185045+00:00", "route": "/session/{session_id}/embed/all/stream", "session_id": "67e60e90a9694f5d8a6b8b19e57527ac", "query": "hello"}
{"ts_utc": "2026-06-04T20:57:55.196801+00:00", "route": "/session/{session_id}/embed/all/stream", "session_id": "67e60e90a9694f5d8a6b8b19e57527ac", "query": "was the hydroxide developer prom approved?"}
{"ts_utc": "2026-06-04T21:00:21.461500+00:00", "route": "/session/{session_id}/embed/all/stream", "session_id": "e7fc01234e5c465cbb9e163d378f6ee5", "query": "anything on zno nanoparticles"}
{"ts_utc": "2026-06-04T21:01:01.270632+00:00", "route": "/session/{session_id}/embed/all/stream", "session_id": "e7fc01234e5c465cbb9e163d378f6ee5", "query": "are there no emails for sugar layer processing?"}
{"ts_utc": "2026-06-04T21:01:09.875133+00:00", "route": "/session/{session_id}/embed/all/stream", "session_id": "e7fc01234e5c465cbb9e163d378f6ee5", "query": "why is that?"}
{"ts_utc": "2026-06-04T21:06:20.542238+00:00", "route": "/session/{session_id}/embed/all/stream", "session_id": "9fc311089d5144ce8129ab663fe06791", "query": "zno nanoparticles"}
{"ts_utc": "2026-06-04T22:04:07.019163+00:00", "route": "/session/{session_id}/embed/all/stream", "session_id": "0cd048d18d504764a57cd3286433a71b", "query": "coated glass slides"}
{"ts_utc": "2026-06-04T22:04:59.796375+00:00", "route": "/session/{session_id}/embed/all/stream", "session_id": "0131928b4c934914b2ec635618bc1811", "query": "color resists sk"}
{"ts_utc": "2026-06-04T22:57:13.654801+00:00", "route": "/session/{session_id}/embed/all/stream", "session_id": "b088abc7265a4a6293464f6374e019f7", "query": "anything on sugar depositions?"}
{"ts_utc": "2026-06-04T22:57:24.594534+00:00", "route": "/session/{session_id}/embed/all/stream", "session_id": "b088abc7265a4a6293464f6374e019f7", "query": "was it approved?"}
{"ts_utc": "2026-06-04T22:58:17.400020+00:00", "route": "/session/{session_id}/embed/all/stream", "session_id": "b088abc7265a4a6293464f6374e019f7", "query": "what about the dna wafers were they approved"}
{"ts_utc": "2026-06-04T22:58:34.157194+00:00", "route": "/session/{session_id}/embed/all/stream", "session_id": "b088abc7265a4a6293464f6374e019f7", "query": "tell me some crazy combinations that I can do here and what are there uess"}
{"ts_utc": "2026-06-04T23:33:36.064012+00:00", "route": "/session/{session_id}/embed/all/stream", "session_id": "7c7f28817eef470ca06e5dfdb512080e", "query": "anything on zno nanoparticles"}
{"ts_utc": "2026-06-04T23:35:11.974959+00:00", "route": "/session/{session_id}/embed/all/stream", "session_id": "50989632e2644463a2219761ea7613c1", "query": "anything on zno nanoparticles"}
{"ts_utc": "2026-06-04T23:35:53.433037+00:00", "route": "/session/{session_id}/embed/all/stream", "session_id": "50989632e2644463a2219761ea7613c1", "query": "where the dna wafers approved"}
{"ts_utc": "2026-06-04T23:37:10.922471+00:00", "route": "/session/{session_id}/embed/all/stream", "session_id": "477f2a389bb44a338597f115dc76e941", "query": "dna wafers"}
{"ts_utc": "2026-06-04T23:44:11.700275+00:00", "route": "/session/{session_id}/embed/all/stream", "session_id": "d86361cc9ccb40d6851c18ba5bdc6bee", "query": "zirconium standard"}
{"ts_utc": "2026-06-05T04:28:40.949140+00:00", "route": "/session/{session_id}/embed/all/stream", "session_id": "03c17e941aea444c9bfd25c36fcd90fa", "query": "have they used sugar as a layer on top of a wafer"}
{"ts_utc": "2026-06-05T04:34:43.316512+00:00", "route": "/session/{session_id}/embed/all/stream", "session_id": "03c17e941aea444c9bfd25c36fcd90fa", "query": "so is there anything on the emails side of this"}
{"ts_utc": "2026-06-05T04:34:58.309836+00:00", "route": "/session/{session_id}/embed/all/stream", "session_id": "b9d54129eae34b5eb69c5abd06b663fe", "query": "sugar layer processing"}
{"ts_utc": "2026-06-05T04:35:17.479811+00:00", "route": "/session/{session_id}/embed/all/stream", "session_id": "b9d54129eae34b5eb69c5abd06b663fe", "query": "so it was not approved for use at SNF?"}
{"ts_utc": "2026-06-05T04:36:18.010788+00:00", "route": "/session/{session_id}/embed/all/stream", "session_id": "b9d54129eae34b5eb69c5abd06b663fe", "query": "give me some crazy ideas to mix the following PROMs"}
{"ts_utc": "2026-06-05T04:36:47.015584+00:00", "route": "/session/{session_id}/embed/all/stream", "session_id": "b9d54129eae34b5eb69c5abd06b663fe", "query": "give me some ideas to make my own dna sugar wafer, how do I go about that"}
{"ts_utc": "2026-06-05T04:37:09.468327+00:00", "route": "/session/{session_id}/embed/all/stream", "session_id": "b9d54129eae34b5eb69c5abd06b663fe", "query": "any specific tools that I should use"}
{"ts_utc": "2026-06-05T04:37:43.956718+00:00", "route": "/session/{session_id}/embed/all/stream", "session_id": "b9d54129eae34b5eb69c5abd06b663fe", "query": "whos dna can I use"}
{"ts_utc": "2026-06-05T04:38:00.596897+00:00", "route": "/session/{session_id}/embed/all/stream", "session_id": "b9d54129eae34b5eb69c5abd06b663fe", "query": "is that what was used in one of these proms"}
{"ts_utc": "2026-06-05T04:38:11.396180+00:00", "route": "/session/{session_id}/embed/all/stream", "session_id": "b9d54129eae34b5eb69c5abd06b663fe", "query": "but was that used in these proms?"}
{"ts_utc": "2026-06-05T04:39:03.174505+00:00", "route": "/session/{session_id}/embed/all/stream", "session_id": "b9d54129eae34b5eb69c5abd06b663fe", "query": "what are they commonly the DNA of"}
{"ts_utc": "2026-06-05T04:39:10.275672+00:00", "route": "/session/{session_id}/embed/all/stream", "session_id": "b9d54129eae34b5eb69c5abd06b663fe", "query": "what are they commonly the dna of"}
{"ts_utc": "2026-07-02T09:44:29.256276+00:00", "route": "/session/{session_id}/embed/all/stream", "session_id": "ed62fcbca6c9446b8f1101ecd4eab05c", "query": "zno nanoparticles"}
