{"ts_utc": "2026-04-29T19:18:16.695136+00:00", "route": "/search/all", "query": "zno nanoparticles"}
{"ts_utc": "2026-05-03T09:12:03.926719+00:00", "route": "/search/all", "query": "zno nanoparticles"}
{"ts_utc": "2026-05-03T09:34:59.985741+00:00", "route": "/search/all", "query": "zno nanoparticles"}
{"ts_utc": "2026-05-03T09:43:28.160955+00:00", "route": "/search/all", "query": "zno nanoparticles"}
{"ts_utc": "2026-05-03T10:16:32.618165+00:00", "route": "/search/all", "query": "have we done anything with nanoparticles"}
{"ts_utc": "2026-05-03T10:17:25.557252+00:00", "route": "/search/all", "query": "quantum dots"}
{"ts_utc": "2026-05-03T10:17:34.735031+00:00", "route": "/search/all", "query": "ald processes"}
{"ts_utc": "2026-05-03T10:17:45.002540+00:00", "route": "/search/all", "query": "ald for wo33"}
{"ts_utc": "2026-05-03T10:17:49.719823+00:00", "route": "/search/all", "query": "ald for wo"}
{"ts_utc": "2026-05-03T10:17:50.590617+00:00", "route": "/search/all", "query": "ald for wo33"}
{"ts_utc": "2026-05-03T10:17:51.321449+00:00", "route": "/search/all", "query": "ald for wo3"}
{"ts_utc": "2026-05-03T10:17:58.100026+00:00", "route": "/search/all", "query": "ald for wo3"}
{"ts_utc": "2026-05-03T10:18:28.715765+00:00", "route": "/search/all", "query": "ald"}
{"ts_utc": "2026-05-04T04:01:02.093997+00:00", "route": "/search/all", "query": "zno nanoparticles"}
{"ts_utc": "2026-05-04T04:02:06.158097+00:00", "route": "/search/all", "query": "zno nanoparticles"}
{"ts_utc": "2026-05-04T04:13:33.020673+00:00", "route": "/search/all", "query": "anything on quantum dots?"}
{"ts_utc": "2026-05-04T04:13:40.856473+00:00", "route": "/search/all", "query": "toluene"}
{"ts_utc": "2026-05-04T05:55:11.360557+00:00", "route": "/search/all", "query": "zno nanoparticles"}
{"ts_utc": "2026-05-04T06:42:58.000114+00:00", "route": "/search/all", "query": "zno nanoparticles"}
{"ts_utc": "2026-05-04T06:48:26.618693+00:00", "route": "/search/all", "query": "zno nanoparticles"}
{"ts_utc": "2026-05-04T06:48:53.510787+00:00", "route": "/search/all", "query": "anything on micromist?"}
{"ts_utc": "2026-05-04T06:50:27.749731+00:00", "route": "/search/all", "query": "zno nanoparticles"}
{"ts_utc": "2026-05-04T06:53:37.708843+00:00", "route": "/search/all", "query": "zno nanoparticles"}
{"ts_utc": "2026-05-04T06:56:18.133513+00:00", "route": "/search/all", "query": "zno nanoparticles"}
{"ts_utc": "2026-05-04T06:59:32.472643+00:00", "route": "/search/all", "query": "Microsystems"}
{"ts_utc": "2026-05-04T07:01:05.928539+00:00", "route": "/search/all", "query": "etching"}
{"ts_utc": "2026-05-04T07:02:47.507585+00:00", "route": "/search/all", "query": "inductively coupled plasma ethc"}
{"ts_utc": "2026-05-04T07:02:52.614662+00:00", "route": "/search/all", "query": "inductively coupled plasma etch"}
